// Jest Snapshot v1, https://goo.gl/fbAQLP

exports[`TorchOCR.ts Intergration test 1`] = `
Array [
  "我是神野惠",
]
`;
